// Bun Snapshot v1, https://goo.gl/fbAQLP

exports[`optimize_schema 1`] = `
"
  CREATE TABLE public.test (
    "bigint" bigint NOT NULL,
    "bigserial" bigserial NOT NULL,
    "box" box NOT NULL,
    "circle" circle NOT NULL,
    "double" double precision NOT NULL,
    "interval" interval NOT NULL,
    "line" line NOT NULL,
    "lseg" lseg NOT NULL,
    "money" money NOT NULL,
    "path" path NOT NULL,
    "point" point NOT NULL,
    "polygon" polygon NOT NULL,
    "time" time NOT NULL,
    "timestamp" timestamp NOT NULL,
    "timestamptz" timestamptz NOT NULL,
    "timetz" timetz NOT NULL,
    "uuid" uuid NOT NULL,
    "nullable_timestamptz_with_default" timestamptz DEFAULT now(),
    "nullable_timestamptz" timestamptz,
    "cidr" cidr NOT NULL,
    "date" date NOT NULL,
    "id" int NOT NULL,
    "inet" inet NOT NULL,
    "integer" integer NOT NULL,
    "real" real NOT NULL,
    "serial" serial NOT NULL,
    "nullable_integer" integer,
    "smallint" smallint NOT NULL,
    "bit" bit NOT NULL,
    "boolean" boolean NOT NULL,
    "nullable_boolean" boolean,
    "bit_varying" bit varying NOT NULL,
    "decimal" decimal NOT NULL,
    "json" json NOT NULL,
    "jsonb" jsonb NOT NULL,
    "numeric" numeric NOT NULL,
    "text" text NOT NULL,
    "varchar" varchar(255) NOT NULL,
    "xml" xml NOT NULL
    );
  
"
`;

exports[`optimize_schema 2`] = `
"
    CREATE TABLE "test" (
      last_price_update timestamp with time zone DEFAULT now() NOT NULL,
      last_quantity_update timestamp with time zone DEFAULT now() NOT NULL,
      "productId" integer DEFAULT 0 NOT NULL,
      price integer NOT NULL
    )
    WITH (autovacuum_vacuum_scale_factor='0.0', autovacuum_vacuum_threshold='100', autovacuum_analyze_scale_factor='0.0', autovacuum_analyze_threshold='100');
  
"
`;
